<html>
<body>
<pre>
<h1>µVision Build Log</h1>
<h2>Tool Versions:</h2>
IDE-Version: ¦ÌVision V5.25.2.0
Copyright (C) 2018 ARM Ltd and ARM Germany GmbH. All rights reserved.
License Information: cfq Microsoft, Microsoft, LIC=HF82M-XFEGE-35DTX-HR6XD-TN506-KUAQJ
 
Tool Versions:
Toolchain:       MDK-ARM Professional  Version: 5.28.0.0
Toolchain Path:  D:\MDK5\ARM\ARMCC\Bin
C Compiler:      Armcc.exe V5.06 update 6 (build 750)
Assembler:       Armasm.exe V5.06 update 6 (build 750)
Linker/Locator:  ArmLink.exe V5.06 update 6 (build 750)
Library Manager: ArmAr.exe V5.06 update 6 (build 750)
Hex Converter:   FromElf.exe V5.06 update 6 (build 750)
CPU DLL:         SARMCM3.DLL V5.28.0.0
Dialog DLL:      DCM.DLL V1.17.3.0
Target DLL:      CMSIS_AGDI.dll V1.31.18.0
Dialog DLL:      TCM.DLL V1.36.2.0
 
<h2>Project:</h2>
C:\Users\Administrator\Desktop\MYusart\00-Template\USER\Template.uvprojx
Project File Date:  03/19/2021

<h2>Output:</h2>
*** Using Compiler 'V5.06 update 6 (build 750)', folder: 'D:\MDK5\ARM\ARMCC\Bin'
Build target 'Template'
compiling Key_IT.c...
..\SYSTEM\Key_IT\Key_IT.c(80): warning:  #223-D: function "LCD_ShowString" declared implicitly
  			LCD_ShowString(90,240,300,24,24,"THE WAKEUP IS PRESSED");	      				
..\SYSTEM\Key_IT\Key_IT.c(90): warning:  #223-D: function "LCD_ShowString" declared implicitly
  			LCD_ShowString(90,240,300,24,24,"THE KEY0 IS PRESSED");
..\SYSTEM\Key_IT\Key_IT.c(100): warning:  #223-D: function "LCD_ShowString" declared implicitly
  			LCD_ShowString(90,240,300,24,24,"THE KEY1 IS PRESSED");
..\SYSTEM\Key_IT\Key_IT.c(114): warning:  #223-D: function "LCD_ShowString" declared implicitly
  			LCD_ShowString(90,240,300,24,24,"THE KEY2 IS PRESSED");
..\SYSTEM\Key_IT\Key_IT.c(120): warning:  #223-D: function "printf" declared implicitly
  	printf("Ö´ÐÐÍê±Ï\n\r");
..\SYSTEM\Key_IT\Key_IT.c(121): warning:  #223-D: function "LCD_ShowString" declared implicitly
  	LCD_ShowString(90,280,300,24,24,"2021/03/22");	 
..\SYSTEM\Key_IT\Key_IT.c: 6 warnings, 0 errors
linking...
Program Size: Code=11846 RO-data=18690 RW-data=36 ZI-data=1796  
FromELF: creating hex file...
"..\OBJ\Template.axf" - 0 Error(s), 6 Warning(s).

<h2>Software Packages used:</h2>

Package Vendor: Keil
                http://www.keil.com/pack/Keil.STM32F4xx_DFP.2.13.0.pack
                Keil.STM32F4xx_DFP.2.13.0
                STMicroelectronics STM32F4 Series Device Support, Drivers and Examples

<h2>Collection of Component include folders:</h2>
  .\RTE\_Template
  D:\MDK5\ARM\PACK\Keil\STM32F4xx_DFP\2.13.0\Drivers\CMSIS\Device\ST\STM32F4xx\Include

<h2>Collection of Component Files used:</h2>
Build Time Elapsed:  00:00:05
</pre>
</body>
</html>
